Using Ruby: ruby 3.3.10 (2025-10-23 revision 343ea05002) [arm64-darwin25]
Using Bundler: Bundler version 2.3.26
🧹 Cleaning up old ports (4000 & 5000)...
🚀 Starting Python Admin Backend (Port 5000)...
✅ Firebase Admin SDK initialized successfully.
🚀 Starting Admin Backend on port 5000...
 * Serving Flask app 'server'
 * Debug mode: on
[31m[1mWARNING: This is a development server. Do not use it in a production deployment. Use a production WSGI server instead.[0m
 * Running on http://127.0.0.1:5000
[33mPress CTRL+C to quit[0m
 * Restarting with stat
 * Debugger is active!
 * Debugger PIN: 140-876-758
🎨 Starting Jekyll Frontend (Port 4000)...
Configuration file: /Users/servaaswinder/Documents/GitHub/Website/_config.yml
            Source: /Users/servaaswinder/Documents/GitHub/Website
       Destination: /Users/servaaswinder/Documents/GitHub/Website/_site
 Incremental build: disabled. Enable with --incremental
      Generating... 
                    done in 0.523 seconds.
 Auto-regeneration: enabled for '/Users/servaaswinder/Documents/GitHub/Website'
LiveReload address: http://127.0.0.1:35729
    Server address: http://127.0.0.1:4000/
  Server running... press ctrl-c to stop.
        LiveReload: Browser connected
      Regenerating: 1 file(s) changed at 2026-01-11 15:49:35
                    Natuurkunde/3havo.html
Shutting down servers...
/opt/homebrew/Cellar/python@3.14/3.14.2/Frameworks/Python.framework/Versions/3.14/lib/python3.14/multiprocessing/resource_tracker.py:396: UserWarning: resource_tracker: There appear to be 1 leaked semaphore objects to clean up at shutdown: {'/mp-agxactc2'}
  warnings.warn(
